<?php

declare(strict_types=1);

namespace App\Conformist\GitHub\Interactions;

use PreemStudio\Conformist\Contracts\Connector;
use PreemStudio\Conformist\Enums\HttpMethod;
use PreemStudio\Conformist\Request\AbstractRequest;

/**
 * @see https://docs.github.com/rest/reference/interactions#get-interaction-restrictions-for-a-repository
 */
final class GetRestrictionsForRepoRequest extends AbstractRequest
{
    public function __constructor(
        private string $owner,
        private string $repo,
    ) {
        //
    }

    public function path(): string
    {
        return '/repos/{owner}/{repo}/interaction-limits';
    }

    public function connector(): Connector
    {
        return new GitHubConnector;
    }

    public function method(): HttpMethod
    {
        return HttpMethod::GET;
    }

    /** @return Extension[] */
    public function extensions(): array
    {
        return [
            new WithUrlParameters([
                'owner' => $this->owner,
                'repo' => $this->repo,
            ]),
        ];
    }
}
