<?php

declare(strict_types=1);

namespace App\Conformist\GitHub\Users;

use BombenProdukt\Conformist\Contracts\Connector;
use BombenProdukt\Conformist\Enums\HttpMethod;
use BombenProdukt\Conformist\Request\AbstractRequest;

/**
 * @see https://docs.github.com/rest/reference/users#list-public-ssh-keys-for-the-authenticated-user
 */
final class ListPublicSshKeysForAuthenticatedUserRequest extends AbstractRequest
{
    public function __constructor(
        private int $perPage,
        private int $page,
    ) {
        //
    }

    public function path(): string
    {
        return '/user/keys';
    }

    public function connector(): Connector
    {
        return new GitHubConnector;
    }

    public function method(): HttpMethod
    {
        return HttpMethod::GET;
    }

    /** @return Extension[] */
    public function extensions(): array
    {
        return [
            new WithQueryParameters([
                'per_page' => $this->perPage,
                'page' => $this->page,
            ]),
        ];
    }
}
