<?php

declare(strict_types=1);

namespace App\Conformist\GitHub\Migrations;

use PreemStudio\Conformist\Contracts\Connector;
use PreemStudio\Conformist\Enums\HttpMethod;
use PreemStudio\Conformist\Request\AbstractRequest;

/**
 * @see https://docs.github.com/rest/migrations/users#get-a-user-migration-status
 */
final class GetStatusForAuthenticatedUserRequest extends AbstractRequest
{
    public function __constructor(
        private int $migrationId,
        private array $exclude,
    ) {
        //
    }

    public function path(): string
    {
        return '/user/migrations/{migration_id}';
    }

    public function connector(): Connector
    {
        return new GitHubConnector;
    }

    public function method(): HttpMethod
    {
        return HttpMethod::GET;
    }

    /** @return Extension[] */
    public function extensions(): array
    {
        return [
            new WithUrlParameters([
                'migration_id' => $this->migrationId,
            ]),
            new WithQueryParameters([
                'exclude' => $this->exclude,
            ]),
        ];
    }
}
