<?php

declare(strict_types=1);

namespace App\Conformist\GitHub\Orgs;

use BombenProdukt\Conformist\Contracts\Connector;
use BombenProdukt\Conformist\Enums\HttpMethod;
use BombenProdukt\Conformist\Request\AbstractRequest;

/**
 * @see https://docs.github.com/rest/reference/orgs#get-an-organization-membership-for-the-authenticated-user
 */
final class GetMembershipForAuthenticatedUserRequest extends AbstractRequest
{
    public function __constructor(
        private string $org,
    ) {
        //
    }

    public function path(): string
    {
        return '/user/memberships/orgs/{org}';
    }

    public function connector(): Connector
    {
        return new GitHubConnector;
    }

    public function method(): HttpMethod
    {
        return HttpMethod::GET;
    }

    /** @return Extension[] */
    public function extensions(): array
    {
        return [
            new WithUrlParameters([
                'org' => $this->org,
            ]),
        ];
    }
}
