<?php

declare(strict_types=1);

namespace App\Conformist\GitHub\Licenses;

use PreemStudio\Conformist\Contracts\Connector;
use PreemStudio\Conformist\Enums\HttpMethod;
use PreemStudio\Conformist\Request\AbstractRequest;

/**
 * @see https://docs.github.com/rest/reference/licenses#get-a-license
 */
final class GetRequest extends AbstractRequest
{
    public function __constructor(
        private string $license,
    ) {
        //
    }

    public function path(): string
    {
        return '/licenses/{license}';
    }

    public function connector(): Connector
    {
        return new GitHubConnector;
    }

    public function method(): HttpMethod
    {
        return HttpMethod::GET;
    }

    /** @return Extension[] */
    public function extensions(): array
    {
        return [
            new WithUrlParameters([
                'license' => $this->license,
            ]),
        ];
    }
}
