<?php

declare(strict_types=1);

namespace App\Conformist\GitHub\Apps;

use PreemStudio\Conformist\Contracts\Connector;
use PreemStudio\Conformist\Enums\HttpMethod;
use PreemStudio\Conformist\Request\AbstractRequest;

/**
 * @see https://docs.github.com/rest/reference/apps#create-a-github-app-from-a-manifest
 */
final class CreateFromManifestRequest extends AbstractRequest
{
    public function __constructor(
        private string $code,
    ) {
        //
    }

    public function path(): string
    {
        return '/app-manifests/{code}/conversions';
    }

    public function connector(): Connector
    {
        return new GitHubConnector;
    }

    public function method(): HttpMethod
    {
        return HttpMethod::POST;
    }

    /** @return Extension[] */
    public function extensions(): array
    {
        return [
            new WithUrlParameters([
                'code' => $this->code,
            ]),
        ];
    }
}
