<?php

declare(strict_types=1);

namespace App\Conformist\GitHub\Repos;

use PreemStudio\Conformist\Contracts\Connector;
use PreemStudio\Conformist\Enums\HttpMethod;
use PreemStudio\Conformist\Request\AbstractRequest;

/**
 * @see https://docs.github.com/rest/reference/repos#list-public-repositories
 */
final class ListPublicRequest extends AbstractRequest
{
    public function __constructor(
        private int $since,
    ) {
        //
    }

    public function path(): string
    {
        return '/repositories';
    }

    public function connector(): Connector
    {
        return new GitHubConnector;
    }

    public function method(): HttpMethod
    {
        return HttpMethod::GET;
    }

    /** @return Extension[] */
    public function extensions(): array
    {
        return [
            new WithQueryParameters([
                'since' => $this->since,
            ]),
        ];
    }
}
