<?php

declare(strict_types=1);

namespace App\Conformist\GitHub\Apps;

use PreemStudio\Conformist\Contracts\Connector;
use PreemStudio\Conformist\Enums\HttpMethod;
use PreemStudio\Conformist\Request\AbstractRequest;

/**
 * @see https://docs.github.com/rest/reference/apps#get-the-authenticated-app
 */
final class GetAuthenticatedRequest extends AbstractRequest
{
    public function __constructor(
    ) {
        //
    }

    public function path(): string
    {
        return '/app';
    }

    public function connector(): Connector
    {
        return new GitHubConnector;
    }

    public function method(): HttpMethod
    {
        return HttpMethod::GET;
    }

    /** @return Extension[] */
    public function extensions(): array
    {
        return [
            //
        ];
    }
}
