<?php

declare(strict_types=1);

namespace App\Conformist\GitHub\Git;

use PreemStudio\Conformist\Contracts\Connector;
use PreemStudio\Conformist\Enums\HttpMethod;
use PreemStudio\Conformist\Request\AbstractRequest;

/**
 * @see https://docs.github.com/rest/reference/git#update-a-reference
 */
final class UpdateRefRequest extends AbstractRequest
{
    public function __constructor(
        private string $owner,
        private string $repo,
        private string $ref,
        private string $sha,
        private boolean $force,
    ) {
        //
    }

    public function path(): string
    {
        return '/repos/{owner}/{repo}/git/refs/{ref}';
    }

    public function connector(): Connector
    {
        return new GitHubConnector;
    }

    public function method(): HttpMethod
    {
        return HttpMethod::PATCH;
    }

    /** @return Extension[] */
    public function extensions(): array
    {
        return [
            new WithUrlParameters([
                'owner' => $this->owner,
                'repo' => $this->repo,
                'ref' => $this->ref,
            ]),
            new WithBody([
                'sha' => $this->sha,
                'force' => $this->force,
            ]),
        ];
    }
}
