<?php

declare(strict_types=1);

namespace App\Conformist\GitHub\CodeScanning;

use BombenProdukt\Conformist\Contracts\Connector;
use BombenProdukt\Conformist\Enums\HttpMethod;
use BombenProdukt\Conformist\Request\AbstractRequest;

/**
 * @see https://docs.github.com/rest/reference/code-scanning#list-recent-code-scanning-analyses-for-a-repository
 */
final class GetSarifRequest extends AbstractRequest
{
    public function __constructor(
        private string $owner,
        private string $repo,
        private string $sarifId,
    ) {
        //
    }

    public function path(): string
    {
        return '/repos/{owner}/{repo}/code-scanning/sarifs/{sarif_id}';
    }

    public function connector(): Connector
    {
        return new GitHubConnector;
    }

    public function method(): HttpMethod
    {
        return HttpMethod::GET;
    }

    /** @return Extension[] */
    public function extensions(): array
    {
        return [
            new WithUrlParameters([
                'owner' => $this->owner,
                'repo' => $this->repo,
                'sarif_id' => $this->sarifId,
            ]),
        ];
    }
}
