<?php

declare(strict_types=1);

namespace App\Conformist\GitHub\Gists;

use PreemStudio\Conformist\Contracts\Connector;
use PreemStudio\Conformist\Enums\HttpMethod;
use PreemStudio\Conformist\Request\AbstractRequest;

/**
 * @see https://docs.github.com/rest/reference/gists#get-a-gist-revision
 */
final class GetRevisionRequest extends AbstractRequest
{
    public function __constructor(
        private string $gistId,
        private string $sha,
    ) {
        //
    }

    public function path(): string
    {
        return '/gists/{gist_id}/{sha}';
    }

    public function connector(): Connector
    {
        return new GitHubConnector;
    }

    public function method(): HttpMethod
    {
        return HttpMethod::GET;
    }

    /** @return Extension[] */
    public function extensions(): array
    {
        return [
            new WithUrlParameters([
                'gist_id' => $this->gistId,
                'sha' => $this->sha,
            ]),
        ];
    }
}
