<?php

declare(strict_types=1);

namespace App\Conformist\GitHub\Actions;

use BombenProdukt\Conformist\Contracts\Connector;
use BombenProdukt\Conformist\Enums\HttpMethod;
use BombenProdukt\Conformist\Request\AbstractRequest;

/**
 * @see https://docs.github.com/rest/reference/actions#list-required-workflows
 */
final class ListRequiredWorkflowsRequest extends AbstractRequest
{
    public function __constructor(
        private string $org,
        private int $perPage,
        private int $page,
    ) {
        //
    }

    public function path(): string
    {
        return '/orgs/{org}/actions/required_workflows';
    }

    public function connector(): Connector
    {
        return new GitHubConnector;
    }

    public function method(): HttpMethod
    {
        return HttpMethod::GET;
    }

    /** @return Extension[] */
    public function extensions(): array
    {
        return [
            new WithUrlParameters([
                'org' => $this->org,
            ]),
            new WithQueryParameters([
                'per_page' => $this->perPage,
                'page' => $this->page,
            ]),
        ];
    }
}
