<?php

declare(strict_types=1);

namespace App\Conformist\GitHub\Gitignore;

use BombenProdukt\Conformist\Contracts\Connector;
use BombenProdukt\Conformist\Enums\HttpMethod;
use BombenProdukt\Conformist\Request\AbstractRequest;

/**
 * @see https://docs.github.com/rest/reference/gitignore#get-all-gitignore-templates
 */
final class GetAllTemplatesRequest extends AbstractRequest
{
    public function __constructor(
    ) {
        //
    }

    public function path(): string
    {
        return '/gitignore/templates';
    }

    public function connector(): Connector
    {
        return new GitHubConnector;
    }

    public function method(): HttpMethod
    {
        return HttpMethod::GET;
    }

    /** @return Extension[] */
    public function extensions(): array
    {
        return [
            //
        ];
    }
}
