<?php

declare(strict_types=1);

namespace App\Conformist\GitHub\Users;

use BombenProdukt\Conformist\Contracts\Connector;
use BombenProdukt\Conformist\Enums\HttpMethod;
use BombenProdukt\Conformist\Request\AbstractRequest;

/**
 * @see https://docs.github.com/rest/reference/users#set-primary-email-visibility-for-the-authenticated-user
 */
final class SetPrimaryEmailVisibilityForAuthenticatedUserRequest extends AbstractRequest
{
    public function __constructor(
        private string $visibility,
    ) {
        //
    }

    public function path(): string
    {
        return '/user/email/visibility';
    }

    public function connector(): Connector
    {
        return new GitHubConnector;
    }

    public function method(): HttpMethod
    {
        return HttpMethod::PATCH;
    }

    /** @return Extension[] */
    public function extensions(): array
    {
        return [
            new WithBody([
                'visibility' => $this->visibility,
            ]),
        ];
    }
}
