<?php

declare(strict_types=1);

namespace App\Conformist\GitHub\Actions;

use BombenProdukt\Conformist\Contracts\Connector;
use BombenProdukt\Conformist\Enums\HttpMethod;
use BombenProdukt\Conformist\Request\AbstractRequest;

/**
 * @see https://docs.github.com/rest/reference/actions#remove-a-custom-label-from-a-self-hosted-runner-for-an-organization
 */
final class RemoveCustomLabelFromSelfHostedRunnerForOrgRequest extends AbstractRequest
{
    public function __constructor(
        private string $org,
        private int $runnerId,
        private string $name,
    ) {
        //
    }

    public function path(): string
    {
        return '/orgs/{org}/actions/runners/{runner_id}/labels/{name}';
    }

    public function connector(): Connector
    {
        return new GitHubConnector;
    }

    public function method(): HttpMethod
    {
        return HttpMethod::DELETE;
    }

    /** @return Extension[] */
    public function extensions(): array
    {
        return [
            new WithUrlParameters([
                'org' => $this->org,
                'runner_id' => $this->runnerId,
                'name' => $this->name,
            ]),
        ];
    }
}
