<?php

declare(strict_types=1);

namespace App\Conformist\GitHub\Actions;

use PreemStudio\Conformist\Contracts\Connector;
use PreemStudio\Conformist\Enums\HttpMethod;
use PreemStudio\Conformist\Request\AbstractRequest;

/**
 * @see https://docs.github.com/rest/reference/actions#cancel-a-workflow-run
 */
final class CancelWorkflowRunRequest extends AbstractRequest
{
    public function __constructor(
        private string $owner,
        private string $repo,
        private int $runId,
    ) {
        //
    }

    public function path(): string
    {
        return '/repos/{owner}/{repo}/actions/runs/{run_id}/cancel';
    }

    public function connector(): Connector
    {
        return new GitHubConnector;
    }

    public function method(): HttpMethod
    {
        return HttpMethod::POST;
    }

    /** @return Extension[] */
    public function extensions(): array
    {
        return [
            new WithUrlParameters([
                'owner' => $this->owner,
                'repo' => $this->repo,
                'run_id' => $this->runId,
            ]),
        ];
    }
}
