<?php

declare(strict_types=1);

namespace App\Conformist\GitHub\Actions;

use BombenProdukt\Conformist\Contracts\Connector;
use BombenProdukt\Conformist\Enums\HttpMethod;
use BombenProdukt\Conformist\Request\AbstractRequest;

/**
 * @see https://docs.github.com/rest/reference/actions#download-job-logs-for-a-workflow-run
 */
final class DownloadJobLogsForWorkflowRunRequest extends AbstractRequest
{
    public function __constructor(
        private string $owner,
        private string $repo,
        private int $jobId,
    ) {
        //
    }

    public function path(): string
    {
        return '/repos/{owner}/{repo}/actions/jobs/{job_id}/logs';
    }

    public function connector(): Connector
    {
        return new GitHubConnector;
    }

    public function method(): HttpMethod
    {
        return HttpMethod::GET;
    }

    /** @return Extension[] */
    public function extensions(): array
    {
        return [
            new WithUrlParameters([
                'owner' => $this->owner,
                'repo' => $this->repo,
                'job_id' => $this->jobId,
            ]),
        ];
    }
}
