<?php

declare(strict_types=1);

namespace App\Conformist\GitHub\Users;

use BombenProdukt\Conformist\Contracts\Connector;
use BombenProdukt\Conformist\Enums\HttpMethod;
use BombenProdukt\Conformist\Request\AbstractRequest;

/**
 * @see https://docs.github.com/rest/reference/users#check-if-a-user-is-blocked-by-the-authenticated-user
 */
final class CheckBlockedRequest extends AbstractRequest
{
    public function __constructor(
        private string $username,
    ) {
        //
    }

    public function path(): string
    {
        return '/user/blocks/{username}';
    }

    public function connector(): Connector
    {
        return new GitHubConnector;
    }

    public function method(): HttpMethod
    {
        return HttpMethod::GET;
    }

    /** @return Extension[] */
    public function extensions(): array
    {
        return [
            new WithUrlParameters([
                'username' => $this->username,
            ]),
        ];
    }
}
