<?php

declare(strict_types=1);

namespace App\Conformist\GitHub\Markdown;

use PreemStudio\Conformist\Contracts\Connector;
use PreemStudio\Conformist\Enums\HttpMethod;
use PreemStudio\Conformist\Request\AbstractRequest;

/**
 * @see https://docs.github.com/rest/reference/markdown#render-a-markdown-document
 */
final class RenderRequest extends AbstractRequest
{
    public function __constructor(
        private string $text,
        private string $mode,
        private string $context,
    ) {
        //
    }

    public function path(): string
    {
        return '/markdown';
    }

    public function connector(): Connector
    {
        return new GitHubConnector;
    }

    public function method(): HttpMethod
    {
        return HttpMethod::POST;
    }

    /** @return Extension[] */
    public function extensions(): array
    {
        return [
            new WithBody([
                'text' => $this->text,
                'mode' => $this->mode,
                'context' => $this->context,
            ]),
        ];
    }
}
