<?php

declare(strict_types=1);

namespace App\Conformist\GitHub\Actions;

use BombenProdukt\Conformist\Contracts\Connector;
use BombenProdukt\Conformist\Enums\HttpMethod;
use BombenProdukt\Conformist\Request\AbstractRequest;

/**
 * @see https://docs.github.com/rest/reference/actions#get-a-required-workflow
 */
final class GetRequiredWorkflowRequest extends AbstractRequest
{
    public function __constructor(
        private string $org,
        private int $requiredWorkflowId,
    ) {
        //
    }

    public function path(): string
    {
        return '/orgs/{org}/actions/required_workflows/{required_workflow_id}';
    }

    public function connector(): Connector
    {
        return new GitHubConnector;
    }

    public function method(): HttpMethod
    {
        return HttpMethod::GET;
    }

    /** @return Extension[] */
    public function extensions(): array
    {
        return [
            new WithUrlParameters([
                'org' => $this->org,
                'required_workflow_id' => $this->requiredWorkflowId,
            ]),
        ];
    }
}
