<?php

declare(strict_types=1);

namespace App\Conformist\GitHub\RateLimit;

use PreemStudio\Conformist\Contracts\Connector;
use PreemStudio\Conformist\Enums\HttpMethod;
use PreemStudio\Conformist\Request\AbstractRequest;

/**
 * @see https://docs.github.com/rest/reference/rate-limit#get-rate-limit-status-for-the-authenticated-user
 */
final class GetRequest extends AbstractRequest
{
    public function __constructor(
    ) {
        //
    }

    public function path(): string
    {
        return '/rate_limit';
    }

    public function connector(): Connector
    {
        return new GitHubConnector;
    }

    public function method(): HttpMethod
    {
        return HttpMethod::GET;
    }

    /** @return Extension[] */
    public function extensions(): array
    {
        return [
            //
        ];
    }
}
