<?php

declare(strict_types=1);

namespace App\Conformist\GitHub\Projects;

use PreemStudio\Conformist\Contracts\Connector;
use PreemStudio\Conformist\Enums\HttpMethod;
use PreemStudio\Conformist\Request\AbstractRequest;

/**
 * @see https://docs.github.com/rest/reference/projects#list-user-projects
 */
final class ListForUserRequest extends AbstractRequest
{
    public function __constructor(
        private string $username,
        private string $state,
        private int $perPage,
        private int $page,
    ) {
        //
    }

    public function path(): string
    {
        return '/users/{username}/projects';
    }

    public function connector(): Connector
    {
        return new GitHubConnector;
    }

    public function method(): HttpMethod
    {
        return HttpMethod::GET;
    }

    /** @return Extension[] */
    public function extensions(): array
    {
        return [
            new WithUrlParameters([
                'username' => $this->username,
            ]),
            new WithQueryParameters([
                'state' => $this->state,
                'per_page' => $this->perPage,
                'page' => $this->page,
            ]),
        ];
    }
}
